<html>
<body>
<pre>
<h1>µVision Build Log</h1>
<h2>Project:</h2>
C:\Users\fmahb\Dropbox\School 2017-2018\Semester 2 half courses\2208\asn4\q1\asn4q1.uvproj
Project File Date:  03/22/2018

<h2>Output:</h2>
Build target 'Target 1'
assembling q1.s...
linking...
Program Size: Code=396 RO-data=0 RW-data=0 ZI-data=0  
".\asn4q1.axf" - 0 Error(s), 0 Warning(s).
</pre>
</body>
</html>
\asn4q1.axf" - 0 Error(s), 1 Warning(s).
expression
q1.s(36): error: A1167E: Invalid line start 
q1.s(37): error: A1167E: Invalid line start 
q1.s(38): error: A1167E: Invalid line start 
q1.s(39): error: A1167E: Invalid line start 
q1.s(40): error: A1167E: Invalid line start 
q1.s(41): error: A1167E: Invalid line start 
q1.s(42): error: A1167E: Invalid line start 
q1.s(43): error: A1112E: Expected address expression
q1.s(44): error: A1167E: Invalid line start 
q1.s(45): error: A1167E: Invalid line start 
q1.s(46): error: A1167E: Invalid line start 
q1.s(47): error: A1167E: Invalid line start 
q1.s(48): error: A1167E: Invalid line start 
q1.s(49): error: A1167E: Invalid line start 
q1.s(50): error: A1167E: Invalid line start 
q1.s(51): error: A1167E: Invalid line start 
q1.s(52): error: A1167E: Invalid line start 
q1.s(53): error: A1167E: Invalid line start 
q1.s(54): error: A1167E: Invalid line start 
q1.s(55): error: A1167E: Invalid line start 
q1.s(56): error: A1167E: Invalid line start 
q1.s(57): error: A1167E: Invalid line start 
q1.s(58): error: A1167E: Invalid line start 
q1.s(59): error: A1167E: Invalid line start 
q1.s(60): error: A1167E: Invalid line start 
".\asn4q1.axf" - 29 Error(s), 0 Warning(s).
Target not created
